// Jest Snapshot v1, https://goo.gl/fbAQLP

exports[`Home page matches snapshot 1`] = `
<DocumentFragment>
  .emotion-7 {
  display: -webkit-box;
  display: -webkit-flex;
  display: -ms-flexbox;
  display: flex;
  -webkit-box-pack: center;
  -webkit-justify-content: center;
  -ms-flex-pack: center;
  justify-content: center;
  -webkit-align-items: center;
  -webkit-box-align: center;
  -ms-flex-align: center;
  align-items: center;
  min-width: 100%;
  height: 100vh;
  text-align: center;
}

.emotion-5 {
  display: -webkit-box;
  display: -webkit-flex;
  display: -ms-flexbox;
  display: flex;
  -webkit-flex-direction: column;
  -ms-flex-direction: column;
  flex-direction: column;
  min-width: 640px:max-width:50%;
}

.emotion-1 {
  --text-opacity: 1;
  font-size: 4rem;
  color: #ffffff;
  color: rgba(255,255,255,var(--text-opacity));
}

.emotion-0 {
  font-size: 0.875rem;
}

.emotion-2 {
  width: 100%;
  display: -webkit-box;
  display: -webkit-flex;
  display: -ms-flexbox;
  display: flex;
  -webkit-align-items: center;
  -webkit-box-align: center;
  -ms-flex-align: center;
  align-items: center;
  position: relative;
  -webkit-transition: all 0.2s;
  transition: all 0.2s;
  outline: none;
  -webkit-appearance: none;
  -moz-appearance: none;
  appearance: none;
  font-size: 2rem;
  padding-left: 1rem;
  padding-right: 1rem;
  height: 2.5rem;
  border-radius: 0.25rem;
  border: 1px solid;
  border-color: inherit;
  background-color: rgba(0,0,0,0);
  padding-top: 8px;
  padding-bottom: 8px;
  min-height: 80px;
  line-height: 1.375;
  color: #fff;
  text-align: center;
  margin-top: 1rem;
  margin-bottom: 1rem;
}

.emotion-2:hover {
  border-color: #CBD5E0;
}

.emotion-2:focus {
  z-index: 1;
  border-color: #3182ce;
  box-shadow: 0 0 0 1px #3182ce;
}

.emotion-2:disabled,
.emotion-2:disabled:focus,
.emotion-2:disabled:hover,
.emotion-2[aria-disabled=true],
.emotion-2[aria-disabled=true]:focus,
.emotion-2[aria-disabled=true]:hover {
  opacity: 0.4;
  cursor: not-allowed;
}

.emotion-2[aria-invalid=true] {
  border-color: #e53e3e;
  box-shadow: 0 0 0 1px #e53e3e;
}

.emotion-2[aria-readonly=true],
.emotion-2[readonly] {
  background-color: transparent;
  box-shadow: none !important;
  -webkit-user-select: all;
  -moz-user-select: all;
  -ms-user-select: all;
  user-select: all;
}

.emotion-3 {
  width: 100%;
  display: -webkit-box;
  display: -webkit-flex;
  display: -ms-flexbox;
  display: flex;
  -webkit-align-items: center;
  -webkit-box-align: center;
  -ms-flex-align: center;
  align-items: center;
  position: relative;
  -webkit-transition: all 0.2s;
  transition: all 0.2s;
  outline: none;
  -webkit-appearance: none;
  -moz-appearance: none;
  appearance: none;
  font-size: 2rem;
  padding-left: 1rem;
  padding-right: 1rem;
  height: 2.5rem;
  border-radius: 0.25rem;
  border: 1px solid;
  border-color: inherit;
  background-color: #fff;
  padding-top: 8px;
  padding-bottom: 8px;
  min-height: 80px;
  line-height: 1.375;
  color: #fff;
  text-align: center;
  margin-top: 1rem;
  margin-bottom: 1rem;
}

.emotion-3:hover {
  border-color: #CBD5E0;
}

.emotion-3:focus {
  z-index: 1;
  border-color: #3182ce;
  box-shadow: 0 0 0 1px #3182ce;
}

.emotion-3:disabled,
.emotion-3:disabled:focus,
.emotion-3:disabled:hover,
.emotion-3[aria-disabled=true],
.emotion-3[aria-disabled=true]:focus,
.emotion-3[aria-disabled=true]:hover {
  opacity: 0.4;
  cursor: not-allowed;
}

.emotion-3[aria-invalid=true] {
  border-color: #e53e3e;
  box-shadow: 0 0 0 1px #e53e3e;
}

.emotion-3[aria-readonly=true],
.emotion-3[readonly] {
  background-color: transparent;
  box-shadow: none !important;
  -webkit-user-select: all;
  -moz-user-select: all;
  -ms-user-select: all;
  user-select: all;
}

.emotion-4 {
  border-radius: 0.25rem;
  font-weight: 600;
  width: 100%;
  display: -webkit-inline-box;
  display: -webkit-inline-flex;
  display: -ms-inline-flexbox;
  display: inline-flex;
  -webkit-appearance: none;
  -moz-appearance: none;
  appearance: none;
  -webkit-align-items: center;
  -webkit-box-align: center;
  -ms-flex-align: center;
  align-items: center;
  -webkit-box-pack: center;
  -webkit-justify-content: center;
  -ms-flex-pack: center;
  justify-content: center;
  -webkit-transition: all 250ms;
  transition: all 250ms;
  -webkit-user-select: none;
  -moz-user-select: none;
  -ms-user-select: none;
  user-select: none;
  position: relative;
  white-space: nowrap;
  vertical-align: middle;
  line-height: 1.2;
  outline: none;
  height: 3rem;
  min-width: 3rem;
  font-size: 2rem;
  padding-left: 1.5rem;
  padding-right: 1.5rem;
  border: 1px solid;
  border-color: #E2E8F0;
  color: #fff;
  margin-top: 1rem;
  margin-bottom: 1rem;
}

.emotion-4:hover {
  background-color: rgba(255,255,255,0.3);
}

.emotion-4:focus {
  box-shadow: 0 0 0 3px rgba(66,153,225,0.6);
}

.emotion-4:active,
.emotion-4[data-active=true] {
  background-color: #E2E8F0;
}

.emotion-4:disabled,
.emotion-4:disabled:focus,
.emotion-4:disabled:hover,
.emotion-4[aria-disabled=true],
.emotion-4[aria-disabled=true]:focus,
.emotion-4[aria-disabled=true]:hover {
  opacity: 0.4;
  cursor: not-allowed;
  box-shadow: none;
}

.emotion-6 {
  --text-opacity: 1;
  position: fixed;
  bottom: 0;
  padding-bottom: 2rem;
  text-align: center;
  color: #ffffff;
  color: rgba(255,255,255,var(--text-opacity));
}

<main
    class="skoy-bg emotion-7"
  >
    <div
      class="emotion-5"
    >
      <h1
        class="emotion-1"
      >
        toSkoy
        <span
          class="emotion-0"
        >
          next
        </span>
      </h1>
      <textarea
        class="emotion-2"
        data-testid="input"
        placeholder="ภาษาไทย"
        tabindex="0"
      >
        สวัสดี
      </textarea>
      <textarea
        aria-readonly="true"
        class="emotion-3"
        data-testid="output"
        placeholder="พ๊ษ๊สก๊อยย์"
        readonly=""
      >
        ษวัษดลีร์
      </textarea>
      <button
        class="emotion-4"
        data-testid="copy-button"
        type="button"
      >
        ก๊อป
      </button>
    </div>
    <div
      class="emotion-6"
    >
      <a
        href="https://github.com/narze/toSkoy"
        rel="noreferrer"
        target="_blank"
      >
        GitHub
      </a>
       - 
      <a
        href="https://github.com/narze/skoy.js"
        rel="noreferrer"
        target="_blank"
      >
        Skoy.js
      </a>
    </div>
    <a
      class="hundred-days-of-code-ribbon"
      data-day="100!"
      href="https://100.narze.vercel.app"
      rel="noreferrer"
      target="_blank"
    >
      Day 100
    </a>
  </main>
</DocumentFragment>
`;
