// Jest Snapshot v1, https://goo.gl/fbAQLP

exports[`Home page matches snapshot 1`] = `
<DocumentFragment>
  .emotion-5 {
  display: -webkit-box;
  display: -webkit-flex;
  display: -ms-flexbox;
  display: flex;
  -webkit-box-pack: center;
  -webkit-justify-content: center;
  -ms-flex-pack: center;
  justify-content: center;
  -webkit-align-items: center;
  -webkit-box-align: center;
  -ms-flex-align: center;
  align-items: center;
  min-width: 100%;
  height: 100vh;
  text-align: center;
}

.emotion-4 {
  display: -webkit-box;
  display: -webkit-flex;
  display: -ms-flexbox;
  display: flex;
  -webkit-flex-direction: column;
  -ms-flex-direction: column;
  flex-direction: column;
  min-width: 640px:max-width:50%;
}

.emotion-0 {
  font-size: 4rem;
}

.emotion-1 {
  width: 100%;
  display: -webkit-box;
  display: -webkit-flex;
  display: -ms-flexbox;
  display: flex;
  -webkit-align-items: center;
  -webkit-box-align: center;
  -ms-flex-align: center;
  align-items: center;
  position: relative;
  -webkit-transition: all 0.2s;
  transition: all 0.2s;
  outline: none;
  -webkit-appearance: none;
  -moz-appearance: none;
  appearance: none;
  font-size: 2rem;
  padding-left: 1rem;
  padding-right: 1rem;
  height: 2.5rem;
  border-radius: 0.25rem;
  border: 1px solid;
  border-color: inherit;
  background-color: #fff;
  padding-top: 8px;
  padding-bottom: 8px;
  min-height: 80px;
  line-height: 1.375;
  text-align: center;
  margin-top: 1rem;
  margin-bottom: 1rem;
}

.emotion-1:hover {
  border-color: #CBD5E0;
}

.emotion-1:focus {
  z-index: 1;
  border-color: #3182ce;
  box-shadow: 0 0 0 1px #3182ce;
}

.emotion-1:disabled,
.emotion-1:disabled:focus,
.emotion-1:disabled:hover,
.emotion-1[aria-disabled=true],
.emotion-1[aria-disabled=true]:focus,
.emotion-1[aria-disabled=true]:hover {
  opacity: 0.4;
  cursor: not-allowed;
}

.emotion-1[aria-invalid=true] {
  border-color: #e53e3e;
  box-shadow: 0 0 0 1px #e53e3e;
}

.emotion-1[aria-readonly=true],
.emotion-1[readonly] {
  background-color: transparent;
  box-shadow: none !important;
  -webkit-user-select: all;
  -moz-user-select: all;
  -ms-user-select: all;
  user-select: all;
}

.emotion-3 {
  border-radius: 0.25rem;
  font-weight: 600;
  width: 100%;
  display: -webkit-inline-box;
  display: -webkit-inline-flex;
  display: -ms-inline-flexbox;
  display: inline-flex;
  -webkit-appearance: none;
  -moz-appearance: none;
  appearance: none;
  -webkit-align-items: center;
  -webkit-box-align: center;
  -ms-flex-align: center;
  align-items: center;
  -webkit-box-pack: center;
  -webkit-justify-content: center;
  -ms-flex-pack: center;
  justify-content: center;
  -webkit-transition: all 250ms;
  transition: all 250ms;
  -webkit-user-select: none;
  -moz-user-select: none;
  -ms-user-select: none;
  user-select: none;
  position: relative;
  white-space: nowrap;
  vertical-align: middle;
  line-height: 1.2;
  outline: none;
  height: 3rem;
  min-width: 3rem;
  font-size: 2rem;
  padding-left: 1.5rem;
  padding-right: 1.5rem;
  background-color: #319795;
  color: #fff;
  margin-top: 1rem;
  margin-bottom: 1rem;
}

.emotion-3:hover {
  background-color: #2C7A7B;
}

.emotion-3:focus {
  box-shadow: 0 0 0 3px rgba(66,153,225,0.6);
}

.emotion-3:active,
.emotion-3[data-active=true] {
  background-color: #285E61;
}

.emotion-3:disabled,
.emotion-3:disabled:focus,
.emotion-3:disabled:hover,
.emotion-3[aria-disabled=true],
.emotion-3[aria-disabled=true]:focus,
.emotion-3[aria-disabled=true]:hover {
  opacity: 0.4;
  cursor: not-allowed;
  box-shadow: none;
}

<main
    class="emotion-5"
  >
    <div
      class="emotion-4"
    >
      <h1
        class="emotion-0"
      >
        toSkoy
      </h1>
      <textarea
        class="emotion-1"
        data-testid="input"
        placeholder="ภาษาไทย"
        tabindex="0"
      >
        สวัสดี
      </textarea>
      <textarea
        aria-readonly="true"
        class="emotion-1"
        data-testid="output"
        placeholder="พ๊ษ๊สก๊อยย์"
        readonly=""
      >
        ษวัษดลีร์
      </textarea>
      <button
        class="emotion-3"
        type="button"
      >
        ก๊อป
      </button>
      <div
        data-testid="message"
      />
    </div>
  </main>
</DocumentFragment>
`;
